
There are no discarded input sections

Memory Configuration

Name             Origin             Length             Attributes
IROM             0x42000000         0x00200000         xr
DROM             0x3c000000         0x00080000         xr
DRAM             0x3fc80000         0x00060000         xrw
*default*        0x00000000         0xffffffff

Linker script and memory map

LOAD build/startup.o
LOAD build/main.o
                0x3fce0000                        PROVIDE (_stack_top = (ORIGIN (DRAM) + LENGTH (DRAM)))

.text           0x42000000      0x5f8
                0x42000000                        _stext = .
 *(.init)
 .init          0x42000000       0x5e build/startup.o
                0x42000000                _start
 *(.text .text.*)
 .text          0x4200005e        0x0 build/startup.o
 .text          0x4200005e      0x252 build/main.o
                0x42000142                compute_fft
                0x42000266                magnitude
 .text.startup  0x420002b0      0x346 build/main.o
                0x420002b0                main
 *(.gnu.linkonce.t.*)
                0x420005f8                        . = ALIGN (0x4)
 *fill*         0x420005f6        0x2 
                0x420005f8                        _etext = .

.rodata         0x3c000000       0x98 load address 0x420005f8
                0x3c000000                        . = ALIGN (0x4)
                0x3c000000                        _srodata = .
 *(.rodata .rodata.*)
 .rodata        0x3c000000       0x98 build/main.o
                0x3c000000                sin_table
                0x3c000040                hann_window
 *(.srodata .srodata.*)
 *(.gnu.linkonce.r.*)
                0x3c000098                        . = ALIGN (0x4)
                0x3c000098                        _erodata = .

.rela.dyn       0x3c000098        0x0 load address 0x42000690
 .rela.init     0x3c000098        0x0 build/startup.o

.data           0x3fc80000        0x0 load address 0x42000690
                0x3fc80000                        . = ALIGN (0x4)
                0x3fc80000                        _sdata = .
 *(.data .data.*)
 .data          0x3fc80000        0x0 build/startup.o
 .data          0x3fc80000        0x0 build/main.o
 *(.sdata .sdata.*)
                0x3fc80000                        . = ALIGN (0x4)
                0x3fc80000                        _edata = .
                0x42000690                        PROVIDE (_sidata = LOADADDR (.data))

.bss            0x3fc80000      0x140 load address 0x42000690
                0x3fc80000                        . = ALIGN (0x8)
                0x3fc80000                        _sbss = .
 *(.bss .bss.*)
 .bss           0x3fc80000        0x0 build/startup.o
 .bss           0x3fc80000      0x100 build/main.o
                0x3fc80000                fr
                0x3fc80080                fi
 *(.sbss .sbss.*)
 *(COMMON)
                0x3fc80100                        . = ALIGN (0x10)
                0x3fc80140                        . = (. + 0x40)
 *fill*         0x3fc80100       0x40 
                0x3fc80140                        _ebss = .
OUTPUT(build/app.elf elf32-littleriscv)

.riscv.attributes
                0x00000000       0x3f
 .riscv.attributes
                0x00000000       0x3d build/startup.o
 .riscv.attributes
                0x0000003d       0x3f build/main.o

.comment        0x00000000       0x2f
 .comment       0x00000000       0x2f build/main.o
                                 0x30 (size before relaxing)

.note.GNU-stack
                0x00000000        0x0
 .note.GNU-stack
                0x00000000        0x0 build/main.o
