
There are no discarded input sections

Memory Configuration

Name             Origin             Length             Attributes
IROM             0x42000000         0x00200000         xr
DROM             0x3c000000         0x00080000         xr
DRAM             0x3fc80000         0x00060000         xrw
*default*        0x00000000         0xffffffff

Linker script and memory map

LOAD build/startup.o
LOAD build/main.o
                0x3fce0000                        PROVIDE (_stack_top = (ORIGIN (DRAM) + LENGTH (DRAM)))

.text           0x42000000      0x368
                0x42000000                        _stext = .
 *(.init)
 .init          0x42000000       0x5e build/startup.o
                0x42000000                _start
 *(.text .text.*)
 .text          0x4200005e        0x0 build/startup.o
 .text          0x4200005e        0x0 build/main.o
 .text.startup  0x4200005e      0x30a build/main.o
                0x4200005e                main
 *(.gnu.linkonce.t.*)
                0x42000368                        . = ALIGN (0x4)
 *fill*         0x42000368        0x0 
                0x42000368                        _etext = .

.rodata         0x3c000000       0x18 load address 0x42000368
                0x3c000000                        . = ALIGN (0x4)
                0x3c000000                        _srodata = .
 *(.rodata .rodata.*)
 .rodata        0x3c000000       0x18 build/main.o
 *(.srodata .srodata.*)
 *(.gnu.linkonce.r.*)
                0x3c000018                        . = ALIGN (0x4)
                0x3c000018                        _erodata = .

.rela.dyn       0x3c000018        0x0 load address 0x42000380
 .rela.init     0x3c000018        0x0 build/startup.o

.data           0x3fc80000        0x0 load address 0x42000380
                0x3fc80000                        . = ALIGN (0x4)
                0x3fc80000                        _sdata = .
 *(.data .data.*)
 .data          0x3fc80000        0x0 build/startup.o
 .data          0x3fc80000        0x0 build/main.o
 *(.sdata .sdata.*)
                0x3fc80000                        . = ALIGN (0x4)
                0x3fc80000                        _edata = .
                0x42000380                        PROVIDE (_sidata = LOADADDR (.data))

.bss            0x3fc80000       0x40 load address 0x42000380
                0x3fc80000                        . = ALIGN (0x8)
                0x3fc80000                        _sbss = .
 *(.bss .bss.*)
 .bss           0x3fc80000        0x0 build/startup.o
 .bss           0x3fc80000        0x0 build/main.o
 *(.sbss .sbss.*)
 *(COMMON)
                0x3fc80000                        . = ALIGN (0x10)
                0x3fc80040                        . = (. + 0x40)
 *fill*         0x3fc80000       0x40 
                0x3fc80040                        _ebss = .
OUTPUT(build/app.elf elf32-littleriscv)

.riscv.attributes
                0x00000000       0x36
 .riscv.attributes
                0x00000000       0x34 build/startup.o
 .riscv.attributes
                0x00000034       0x36 build/main.o

.comment        0x00000000       0x2f
 .comment       0x00000000       0x2f build/main.o
                                 0x30 (size before relaxing)

.note.GNU-stack
                0x00000000        0x0
 .note.GNU-stack
                0x00000000        0x0 build/main.o
